// Vitest Snapshot v1

exports[`index > Should allow to create schemas from a pre-defined folder structure 1`] = `
"datasource database {
  provider = \\"cockroachdb\\"
  url      = env(\\"DATABASE_URL\\")
}

generator client {
  provider = \\"prisma-client-js\\"
}

enum UserStatus {
  ACTIVE
  INACTIVE
  BANNED
}

model Post {
  id        String   @default(uuid()) @id
  createdAt DateTime @default(now())
  updatedAt DateTime @updatedAt
  content   String
  deleted   Boolean
}

model User {
  id        String     @default(uuid()) @id
  createdAt DateTime   @default(now())
  updatedAt DateTime   @updatedAt
  status    UserStatus
  posts     Post[]
}
"
`;
